// Jest Snapshot v1, https://goo.gl/fbAQLP

exports[`Prorata matches snapshot 1`] = `
<DocumentFragment>
  <div
    class="css-j7qwjs"
  >
    <div
      class="css-1sfbe0h"
    >
      <h2
        class="chakra-heading css-1jd2nkm"
      >
        Total Available Allocation
      </h2>
      <div />
      <div />
      <h2
        class="chakra-heading css-c1wsrx"
      >
        Total Allocated
      </h2>
    </div>
    <div
      class="css-1qvt70z"
    >
      <div
        class="chakra-numberinput css-e69dqy"
        value=""
      >
        <input
          aria-valuemax="9007199254740991"
          aria-valuemin="1"
          autocomplete="off"
          autocorrect="off"
          autofocus=""
          class="chakra-numberinput__field css-1o8sjxt"
          inputmode="numeric"
          name="allocation_amount"
          pattern="^[+-]?[$]?[0-9]{1,3}(?:,?[0-9]{3})*(?:\\\\.[0-9]{2})?$"
          placeholder="Allocation"
          role="spinbutton"
          type="text"
          value=""
          variant="filled"
        />
      </div>
      <div />
      <div />
      <div
        class="chakra-numberinput css-mpussp"
        value=""
      >
        <input
          aria-readonly="true"
          aria-valuemax="9007199254740991"
          aria-valuemin="-9007199254740991"
          autocomplete="off"
          autocorrect="off"
          class="chakra-numberinput__field css-1o8sjxt"
          inputmode="numeric"
          name="total"
          pattern="^[+-]?[$]?[0-9]{1,3}(?:,?[0-9]{3})*(?:\\\\.[0-9]{2})?$"
          readonly=""
          role="spinbutton"
          type="text"
          value=""
          variant="filled"
        />
      </div>
      <div />
    </div>
    <div
      class="css-11ucw7v"
    >
      <h2
        class="chakra-heading css-msdjfj"
      >
        Investor Breakdown
      </h2>
      <h2
        class="chakra-heading css-msdjfj"
      />
      <h2
        class="chakra-heading css-msdjfj"
      />
      <h2
        class="chakra-heading css-crdmyz"
      >
        Investor Stake
      </h2>
      <div />
    </div>
    <form
      autocomplete="off"
      class="css-1l4fvs0"
    >
      <input
        autocomplete="off"
        class="chakra-input css-taf3kg"
        name="name"
        placeholder="Name"
        value=""
      />
      <div
        class="chakra-numberinput css-e69dqy"
        value=""
      >
        <input
          aria-valuemax="9007199254740991"
          aria-valuemin="0"
          autocomplete="off"
          autocorrect="off"
          class="chakra-numberinput__field css-1o8sjxt"
          inputmode="numeric"
          name="requested_amount"
          pattern="^[+-]?[$]?[0-9]{1,3}(?:,?[0-9]{3})*(?:\\\\.[0-9]{2})?$"
          placeholder="Requested Amount"
          role="spinbutton"
          type="text"
          value=""
          variant="filled"
        />
      </div>
      <div
        class="chakra-numberinput css-e69dqy"
        value=""
      >
        <input
          aria-valuemax="9007199254740991"
          aria-valuemin="0"
          autocomplete="off"
          autocorrect="off"
          class="chakra-numberinput__field css-1o8sjxt"
          inputmode="numeric"
          name="average_amount"
          pattern="^[+-]?[$]?[0-9]{1,3}(?:,?[0-9]{3})*(?:\\\\.[0-9]{2})?$"
          placeholder="Average Amount"
          role="spinbutton"
          type="text"
          value=""
          variant="filled"
        />
      </div>
      <div
        class="chakra-numberinput css-3uwy3r"
        value=""
      >
        <input
          aria-readonly="true"
          aria-valuemax="9007199254740991"
          aria-valuemin="-9007199254740991"
          autocomplete="off"
          autocorrect="off"
          class="chakra-numberinput__field css-1o8sjxt"
          inputmode="numeric"
          name="allocation"
          pattern="^[+-]?[$]?[0-9]{1,3}(?:,?[0-9]{3})*(?:\\\\.[0-9]{2})?$"
          placeholder="Stake"
          readonly=""
          role="spinbutton"
          type="text"
          value=""
          variant="filled"
        />
      </div>
      <button
        class="chakra-button css-1xx8uq7"
        disabled=""
        type="submit"
      >
        <svg
          class="chakra-icon css-g7wnnj"
          focusable="false"
          viewBox="0 0 24 24"
        >
          <path
            d="M0,12a1.5,1.5,0,0,0,1.5,1.5h8.75a.25.25,0,0,1,.25.25V22.5a1.5,1.5,0,0,0,3,0V13.75a.25.25,0,0,1,.25-.25H22.5a1.5,1.5,0,0,0,0-3H13.75a.25.25,0,0,1-.25-.25V1.5a1.5,1.5,0,0,0-3,0v8.75a.25.25,0,0,1-.25.25H1.5A1.5,1.5,0,0,0,0,12Z"
            fill="currentColor"
          />
        </svg>
      </button>
      <input
        hidden=""
        type="submit"
        value="Submit"
      />
    </form>
  </div>
</DocumentFragment>
`;
