// Jest Snapshot v1, https://goo.gl/fbAQLP

exports[`Investor Request Form matches snapshot 1`] = `
<DocumentFragment>
  <form
    autocomplete="off"
    class="css-1l4fvs0"
  >
    <input
      autocomplete="false"
      hidden=""
      name="hidden"
    />
    <input
      autocomplete="off"
      class="chakra-input css-taf3kg"
      name="name"
      placeholder="Name"
      value="Investor A"
    />
    <div
      class="chakra-numberinput css-e69dqy"
      value="$100"
    >
      <input
        aria-valuemax="9007199254740991"
        aria-valuemin="0"
        aria-valuenow="100"
        aria-valuetext="$100"
        autocomplete="off"
        autocorrect="off"
        class="chakra-numberinput__field css-1o8sjxt"
        inputmode="numeric"
        name="requested_amount"
        pattern="^[+-]?[$]?[0-9]{1,3}(?:,?[0-9]{3})*(?:\\\\.[0-9]{2})?$"
        placeholder="Requested Amount"
        role="spinbutton"
        type="text"
        value="$100"
        variant="filled"
      />
    </div>
    <div
      class="chakra-numberinput css-e69dqy"
      value="$100"
    >
      <input
        aria-valuemax="9007199254740991"
        aria-valuemin="0"
        aria-valuenow="100"
        aria-valuetext="$100"
        autocomplete="off"
        autocorrect="off"
        class="chakra-numberinput__field css-1o8sjxt"
        inputmode="numeric"
        name="average_amount"
        pattern="^[+-]?[$]?[0-9]{1,3}(?:,?[0-9]{3})*(?:\\\\.[0-9]{2})?$"
        placeholder="Average Amount"
        role="spinbutton"
        type="text"
        value="$100"
        variant="filled"
      />
    </div>
    <div
      class="chakra-numberinput css-68rv0r"
      value=""
    >
      <input
        aria-readonly="true"
        aria-valuemax="9007199254740991"
        aria-valuemin="-9007199254740991"
        autocomplete="off"
        autocorrect="off"
        class="chakra-numberinput__field css-1o8sjxt"
        inputmode="numeric"
        name="allocation"
        pattern="^[+-]?[$]?[0-9]{1,3}(?:,?[0-9]{3})*(?:\\\\.[0-9]{2})?$"
        placeholder="Stake"
        readonly=""
        role="spinbutton"
        type="text"
        value=""
        variant="filled"
      />
    </div>
    <button
      class="chakra-button css-1fv4ia5"
      type="button"
    >
      <svg
        class="chakra-icon css-onkibi"
        focusable="false"
        viewBox="0 0 24 24"
      >
        <g
          fill="currentColor"
        >
          <path
            d="M19.452 7.5H4.547a.5.5 0 00-.5.545l1.287 14.136A2 2 0 007.326 24h9.347a2 2 0 001.992-1.819L19.95 8.045a.5.5 0 00-.129-.382.5.5 0 00-.369-.163zm-9.2 13a.75.75 0 01-1.5 0v-9a.75.75 0 011.5 0zm5 0a.75.75 0 01-1.5 0v-9a.75.75 0 011.5 0zM22 4h-4.75a.25.25 0 01-.25-.25V2.5A2.5 2.5 0 0014.5 0h-5A2.5 2.5 0 007 2.5v1.25a.25.25 0 01-.25.25H2a1 1 0 000 2h20a1 1 0 000-2zM9 3.75V2.5a.5.5 0 01.5-.5h5a.5.5 0 01.5.5v1.25a.25.25 0 01-.25.25h-5.5A.25.25 0 019 3.75z"
          />
        </g>
      </svg>
    </button>
    <input
      hidden=""
      type="submit"
      value="Submit"
    />
  </form>
</DocumentFragment>
`;
